[hangarscript.com/index.html]
[backblue.gif]
[fade.gif]
[index.html]
[hangarscript.com/assets/img/ogbrand1.png]
[hangarscript.com/assets/img/favicon.png]
[hangarscript.com/assets/img/apple-touch-icon.png]
[hangarscript.com/assets/vendor/fontawesome/css/all.min2d4c.css]
[hangarscript.com/assets/css/styleb06a.css]
[hangarscript.com/assets/vendor/bootstrap/css/bootstrap.min.css]
[hangarscript.com/assets/img/logof9e3.webp]
[hangarscript.com/auth/register.html]
[hangarscript.com/auth/login.html]
[hangarscript.com/category/league-of-legends.html]
[hangarscript.com/category/valorant.html]
[hangarscript.com/category/spoofers.html]
[hangarscript.com/category/apex-legends.html]
[hangarscript.com/assets/img/gallery/wallpaper/lol.webp]
[hangarscript.com/assets/img/gallery/categories/lol1234543a0.png]
[hangarscript.com/assets/img/gallery/categories/valo1x43a0.png]
[hangarscript.com/assets/img/gallery/categories/apex123443a0.png]
[hangarscript.com/assets/img/gallery/categories/Spooferss243a0.png]
[hangarscript.com/category/cs2.html]
[hangarscript.com/assets/img/gallery/categories/cs222243a0.jpg]
[hangarscript.com/category/paladins.html]
[hangarscript.com/assets/img/gallery/categories/paladinskapak143a0.jpg]
[hangarscript.com/category/fortnite.html]
[hangarscript.com/assets/img/gallery/categories/fortnitek43a0.jpg]
[hangarscript.com/category/the-finals.html]
[hangarscript.com/assets/img/gallery/categories/Thefinals143a0.jpg]
[hangarscript.com/category/overwatch2.html]
[hangarscript.com/assets/img/gallery/categories/ow2243a0.jpg]
[hangarscript.com/category/Palworld.html]
[hwp.com.tr/wp-content/uploads/2024/01/Palworld43a0.jpg]
[hangarscript.com/category/Rocket-League.html]
[cdn.discordapp.com/attachments/1195827120610480168/1230157364376899604/image7526.png]
[hangarscript.com/assets/img/gallery/status/Updated.png]
[hangarscript.com/assets/img/gallery/status/Updating.png]
[hangarscript.com/assets/img/gallery/status/Closed.png]
[hangarscript.com/yasal/kullanici-sozlesmesi]
[hangarscript.com/iletisim.html]
[hangarscript.com/assets/vendor/jquery/jquery.min.js]
[hangarscript.com/assets/js/vendors.js]
[hangarscript.com/assets/js/maind28d.js]
[hangarscript.com/index.html]
[hangarscript.com/assets/img/ogbrand1.html]
[hangarscript.com/assets/img/apple-touch-icon.html]
[hangarscript.com/assets/vendor/fontawesome/webfonts/fa-brands-400.ttf]
[hangarscript.com/assets/vendor/fontawesome/webfonts/fa-regular-400.woff2]
[hangarscript.com/assets/vendor/fontawesome/webfonts/fa-regular-400.ttf]
[hangarscript.com/assets/vendor/fontawesome/webfonts/fa-solid-900.woff2]
[hangarscript.com/assets/vendor/fontawesome/css/all.min2d4c.css]
[hangarscript.com/assets/vendor/fontawesome/webfonts/fa-solid-900.ttf]
[hangarscript.com/assets/css/styleb06a.css]
[hangarscript.com/assets/vendor/bootstrap/css/bootstrap.min.css]
[www.googletagmanager.com/gtm5445.html]
[hangarscript.com/assets/fonts/Liberator.woff2]
[hangarscript.com/auth/assets/css/opensans-font.css]
[hangarscript.com/auth/assets/fonts/line-awesome/css/line-awesome.min.css]
[hangarscript.com/auth/assets/css/style7839.css]
[jqueryvalidation.org/files/demo/site-demos.3c.delayed]
[www.google.com/recaptcha/api.js]
[hangarscript.com/auth/register.html]
[hangarscript.com/auth/login.html]
[hangarscript.com/assets/vendor/icofont/icofont.min.css]
[hangarscript.com/assets/vendor/boxicons/css/boxicons.min.css]
[hangarscript.com/assets/vendor/remixicon/remixicon.css]
[hangarscript.com/assets/vendor/venobox/venobox.css]
[hangarscript.com/assets/css/style9571.css]
[hangarscript.com/category/league-of-legends/toir-script.html]
[hangarscript.com/assets/img/gallery/categories/products/toir.png]
[hangarscript.com/category/league-of-legends/Rtx.html]
[hangarscript.com/assets/img/gallery/categories/rtxkk.jpg]
[hangarscript.com/category/league-of-legends/ls.html]
[hangarscript.com/assets/img/gallery/categories/LS.jpg]
[hangarscript.com/assets/vendor/bootstrap/js/bootstrap.bundle.min.js]
[hangarscript.com/assets/vendor/jquery.easing/jquery.easing.min.js]
[hangarscript.com/assets/vendor/waypoints/jquery.waypoints.min.js]
[hangarscript.com/assets/vendor/counterup/counterup.min.js]
[hangarscript.com/assets/vendor/isotope-layout/isotope.pkgd.min.js]
[hangarscript.com/assets/vendor/venobox/venobox.min.js]
[hangarscript.com/assets/vendor/owl.carousel/owl.carousel.min.js]
[hangarscript.com/assets/js/main129e.js]
[hangarscript.com/category/league-of-legends.html]
[unpkg.com/sweetalert@2.1.2/dist/sweetalert.min.js]
[hangarscript.com/category/valorant/hangaresp.html]
[hangarscript.com/assets/img/gallery/categories/products/hangaresp.jpg]
[hangarscript.com/category/valorant/Dark.html]
[hangarscript.com/category/valorant.html]
[hangarscript.com/assets/img/gallery/categories/products/Darkkapak.jpg]
[hangarscript.com/category/spoofers/woofer.html]
[hangarscript.com/assets/img/gallery/categories/wooferkapak.png]
[hangarscript.com/category/spoofers/SpooferHangar.html]
[hangarscript.com/assets/img/gallery/categories/products/hangarspoof.jpg]
[hangarscript.com/category/spoofers/Spoofer.html]
[cdn.discordapp.com/attachments/1219669056219516959/1230288347013054584/BOX_7b9a5328-24f9-4b02-80ab-c5ea2e9a8daa_12b49.png]
[hangarscript.com/category/spoofers.html]
[hangarscript.com/category/apex-legends/ApexPrivate.html]
[hangarscript.com/assets/img/gallery/categories/products/apexkapa.png]
[hangarscript.com/category/apex-legends.html]
[hangarscript.com/category/cs2/Csgo2Gold.html]
[hangarscript.com/category/cs2.html]
[hangarscript.com/assets/img/gallery/categories/cskapak.jpg]
[hangarscript.com/category/paladins/PaladinsGood.html]
[hangarscript.com/assets/img/gallery/categories/100-150kbKapak_day.jpg]
[hangarscript.com/category/paladins.html]
[hangarscript.com/category/fortnite/FPremium.html]
[hangarscript.com/assets/img/gallery/categories/products/09.png]
[hangarscript.com/category/fortnite.html]
[hangarscript.com/category/the-finals/TheFinals.html]
[hangarscript.com/assets/img/gallery/categories/products/KAPAK_FINAL.jpg]
[hangarscript.com/category/the-finals.html]
[hangarscript.com/category/overwatch2/Watchbot.html]
[hangarscript.com/assets/img/gallery/categories/products/wb.jpg]
[hangarscript.com/category/overwatch2.html]
[hangarscript.com/category/Palworld/Palworld.html]
[hangarscript.com/assets/img/gallery/categories/products/palw.jpg]
[hangarscript.com/category/Palworld.html]
[hangarscript.com/category/Rocket-League/Rocket-League.html]
[cdn.discordapp.com/attachments/1195827120610480168/1230157364376899604/image66f2.png]
[hangarscript.com/category/Rocket-League.html]
[hangarscript.com/assets/vendor/owl.carousel/assets/owl.carousel.min.css]
[hangarscript.com/assets/css/style6da2.css]
[hangarscript.com/cdn-cgi/l/email-protection.html]
[hangarscript.com/cdn-cgi/scripts/5c5dd728/cloudflare-static/email-decode.min.js]
[hangarscript.com/assets/vendor/php-email-form/validate.js]
[hangarscript.com/iletisim.html]
[hangarscript.com/cdn-cgi/scripts/7d0fa10a/cloudflare-static/rocket-loader.min.js]
[hangarscript.com/assets/vendor/fontawesome/webfonts/fa-brands-400.woff2]
[hangarscript.com/auth/assets/fonts/Open_Sans/OpenSans-ExtraBoldItalic.ttf]
[hangarscript.com/auth/assets/fonts/Open_Sans/OpenSans-Light.ttf]
[hangarscript.com/auth/assets/fonts/Open_Sans/OpenSans-SemiBold.ttf]
[hangarscript.com/auth/assets/fonts/Open_Sans/OpenSans-SemiBoldItalic.ttf]
[hangarscript.com/auth/assets/fonts/Open_Sans/OpenSans-BoldItalic.ttf]
[hangarscript.com/auth/assets/fonts/Open_Sans/OpenSans-Bold.ttf]
[hangarscript.com/auth/assets/fonts/Open_Sans/OpenSans-LightItalic.ttf]
[hangarscript.com/auth/assets/css/opensans-font.css]
[hangarscript.com/auth/assets/fonts/Open_Sans/OpenSans-Italic.ttf]
[hangarscript.com/auth/assets/fonts/line-awesome/fonts/line-awesomeeb4f.eot]
[hangarscript.com/auth/assets/fonts/line-awesome/fonts/line-awesome0176.eot]
[hangarscript.com/auth/assets/fonts/line-awesome/fonts/line-awesomeeb4f.woff2]
[hangarscript.com/auth/assets/fonts/line-awesome/fonts/line-awesomeeb4f.woff]
[hangarscript.com/auth/assets/fonts/line-awesome/fonts/line-awesomeeb4f.ttf]
[hangarscript.com/auth/assets/fonts/line-awesome/css/line-awesome.min.css]
[hangarscript.com/auth/assets/css/style7839.css]
[jqueryvalidation.org/files/demo/site-demos.html]
[hangarscript.com/cf-fonts/s/kanit/5.0.18/thai/300/normal.html]
[hangarscript.com/cf-fonts/s/kanit/5.0.18/latin/300/normal.html]
[hangarscript.com/cf-fonts/s/kanit/5.0.18/vietnamese/300/normal.html]
[hangarscript.com/cf-fonts/s/kanit/5.0.18/latin-ext/300/normal.html]
[hangarscript.com/cf-fonts/s/nunito/5.0.16/latin-ext/300/normal.html]
[hangarscript.com/cf-fonts/s/nunito/5.0.16/cyrillic-ext/300/normal.html]
[hangarscript.com/cf-fonts/s/nunito/5.0.16/latin/300/normal.html]
[hangarscript.com/cf-fonts/s/nunito/5.0.16/cyrillic/300/normal.html]
[hangarscript.com/cf-fonts/s/nunito/5.0.16/vietnamese/300/normal.html]
[hangarscript.com/auth/assets/fonts/line-awesome/fonts/line-awesomeeb4f.svg]
[hangarscript.com/assets/vendor/icofont/fonts/icofont.woff2]
[hangarscript.com/assets/vendor/icofont/icofont.min.css]
[hangarscript.com/assets/vendor/icofont/fonts/icofont.woff]
[hangarscript.com/assets/vendor/boxicons/fonts/boxicons.eot]
[hangarscript.com/assets/vendor/boxicons/fonts/boxicons.woff2]
[hangarscript.com/assets/vendor/boxicons/fonts/boxicons.woff]
[hangarscript.com/assets/vendor/boxicons/fonts/boxicons.ttf]
[hangarscript.com/assets/vendor/boxicons/css/boxicons.min.css]
[hangarscript.com/assets/vendor/boxicons/fonts/boxiconsd41d.svg]
[hangarscript.com/assets/vendor/remixicon/remixicondf6d.eot]
[hangarscript.com/assets/vendor/remixicon/remixicondf6d.woff2]
[hangarscript.com/assets/vendor/remixicon/remixicondf6d.woff]
[hangarscript.com/assets/vendor/remixicon/remixicondf6d.ttf]
[hangarscript.com/assets/vendor/remixicon/remixicon.css]
[hangarscript.com/assets/vendor/venobox/venobox.css]
[hangarscript.com/assets/css/style9571.css]
[hangarscript.com/assets/vendor/remixicon/remixicondf6d.svg]
[hangarscript.com/assets/img/gallery/categories/products/toir_tr1.png]
[hangarscript.com/assets/img/gallery/categories/products/toir_tr7.png]
[hangarscript.com/assets/img/gallery/categories/products/toir_tr30.png]
[hangarscript.com/assets/img/gallery/categories/products/toir_global1.png]
[hangarscript.com/assets/img/gallery/categories/products/toir_global7.png]
[hangarscript.com/category/league-of-legends/toir-script.html]
[hangarscript.com/assets/img/gallery/categories/products/toir_global30.png]
[hangarscript.com/assets/img/gallery/categories/rtx1.jpg]
[hangarscript.com/assets/img/gallery/categories/rtx7a.jpg]
[hangarscript.com/category/league-of-legends/Rtx.html]
[hangarscript.com/assets/img/gallery/categories/products/22222.webp]
[hangarscript.com/assets/img/gallery/categories/LS1.jpg]
[hangarscript.com/assets/img/gallery/categories/LS7.jpg]
[hangarscript.com/assets/img/gallery/categories/LS30.jpg]
[hangarscript.com/category/league-of-legends/ls.html]
[hangarscript.com/assets/img/gallery/categories/products/hangaresp1.jpg]
[hangarscript.com/assets/img/gallery/categories/products/hangaresp7.jpg]
[hangarscript.com/assets/img/gallery/categories/products/hangaresp30.jpg]
[hangarscript.com/category/valorant/hangaresp.html]
[hangarscript.com/assets/img/gallery/categories/products/dark1.jpg]
[hangarscript.com/assets/img/gallery/categories/products/dark2.jpg]
[hangarscript.com/assets/img/gallery/categories/products/dark3.jpg]
[hangarscript.com/category/valorant/Dark.html]
[cdn.discordapp.com/attachments/1019231560123293736/1226471496310980608/image5967.png]
[cdn.discordapp.com/attachments/1019231560123293736/1226471580356313129/image7a7e.png]
[hangarscript.com/category/spoofers/woofer.html]
[hangarscript.com/assets/img/gallery/categories/products/hangarspoof1.jpg]
[hangarscript.com/assets/img/gallery/categories/products/hangarspoof7.jpg]
[hangarscript.com/assets/img/gallery/categories/products/hangarspoof30.jpg]
[hangarscript.com/category/spoofers/SpooferHangar.html]
[hangarscript.com/category/spoofers/Spoofer.html]
[hangarscript.com/assets/img/gallery/categories/A1-min.png]
[hangarscript.com/assets/img/gallery/categories/A7-min.png]
[hangarscript.com/assets/img/gallery/categories/A30-min.png]
[hangarscript.com/category/apex-legends/ApexPrivate.html]
[hangarscript.com/assets/img/gallery/categories/cs7.jpg]
[hangarscript.com/category/cs2/Csgo2Gold.html]
[hangarscript.com/assets/img/gallery/categories/cs30.jpg]
[hangarscript.com/assets/img/gallery/categories/products/100-150kb1_day43a0.jpg]
[hangarscript.com/assets/img/gallery/categories/products/100-150kb_7day43a0.jpg]
[hangarscript.com/assets/img/gallery/categories/products/100-150kb_30day.jpg]
[hangarscript.com/category/paladins/PaladinsGood.html]
[hangarscript.com/assets/img/gallery/categories/products/1dayfn.png]
[hangarscript.com/assets/img/gallery/categories/products/7dayfn.png]
[hangarscript.com/assets/img/gallery/categories/products/30dayfn.png]
[hangarscript.com/category/fortnite/FPremium.html]
[hangarscript.com/assets/img/gallery/categories/products/1_FINAL.webp]
[hangarscript.com/assets/img/gallery/categories/products/7_FINAL.webp]
[hangarscript.com/assets/img/gallery/categories/products/30_FINAL.jpg]
[hangarscript.com/category/the-finals/TheFinals.html]
[hangarscript.com/assets/img/gallery/categories/products/wb1.png]
[hangarscript.com/assets/img/gallery/categories/products/wb7.png]
[hangarscript.com/assets/img/gallery/categories/products/wb30.png]
[hangarscript.com/category/overwatch2/Watchbot.html]
[hangarscript.com/assets/img/gallery/categories/products/1-pal.jpg]
[hangarscript.com/assets/img/gallery/categories/products/7-pal.jpg]
[hangarscript.com/category/Palworld/Palworld.html]
[hangarscript.com/assets/img/gallery/categories/products/30-pal.jpg]
[hangarscript.com/category/Rocket-League/Rocket-League.html]
[hangarscript.com/assets/vendor/owl.carousel/assets/owl.video.play.png]
[hangarscript.com/assets/vendor/owl.carousel/assets/owl.carousel.min.css]
[hangarscript.com/assets/css/style6da2.css]
[hangarscript.com/cdn-cgi/l/email-protection.html]
[hangarscript.com/assets/vendor/php-email-form/validate.html]
[hangarscript.com/auth/assets/fonts/line-awesome/fonts/line-awesomeeb4f.svg]
[hangarscript.com/assets/vendor/boxicons/fonts/boxiconsd41d.svg]
[hangarscript.com/auth/assets/fonts/Open_Sans/OpenSans-Regular.ttf]
[hangarscript.com/auth/assets/fonts/Open_Sans/OpenSans-ExtraBold.ttf]
[hangarscript.com/assets/vendor/remixicon/remixicondf6d.svg]
[cdn.discordapp.com/attachments/1021907363617321011/1033064854677889024/Ow2-1.png]
[cdn.discordapp.com/attachments/1021907363617321011/1033064854975688794/Ow2.png]
[code.tidio.co_443/5ofxvxdnjrcq2l51xxlrmqrf119et0rc.js]
